// Jest Snapshot v1, https://goo.gl/fbAQLP

exports[`GIVEN TableHeader component WHEN renders by default THEN should match the snapshot 1`] = `
<thead
  className="MuiTableHead-root"
  role={null}
>
  <tr
    className="MuiTableRow-root MuiTableRow-head"
    role={null}
  >
    <th
      aria-sort={null}
      className="MuiTableCell-root MuiTableCell-head WithStyles(ForwardRef(TableCell))-head-1 MuiTableCell-paddingCheckbox"
      scope="col"
    />
    <th
      aria-sort="ascending"
      className="MuiTableCell-root MuiTableCell-head WithStyles(ForwardRef(TableCell))-head-1 MuiTableCell-alignRight MuiTableCell-paddingNone"
      scope="col"
    >
      <span
        aria-disabled={false}
        className="MuiButtonBase-root MuiTableSortLabel-root MuiTableSortLabel-active"
        onBlur={[Function]}
        onClick={[Function]}
        onDragLeave={[Function]}
        onFocus={[Function]}
        onKeyDown={[Function]}
        onKeyUp={[Function]}
        onMouseDown={[Function]}
        onMouseLeave={[Function]}
        onMouseUp={[Function]}
        onTouchEnd={[Function]}
        onTouchMove={[Function]}
        onTouchStart={[Function]}
        role="button"
        tabIndex={0}
      >
        Name
        <span>
          sorted ascending
        </span>
        <svg
          aria-hidden={true}
          className="MuiSvgIcon-root MuiTableSortLabel-icon MuiTableSortLabel-iconDirectionAsc"
          focusable="false"
          viewBox="0 0 24 24"
        >
          <path
            d="M20 12l-1.41-1.41L13 16.17V4h-2v12.17l-5.58-5.59L4 12l8 8 8-8z"
          />
        </svg>
      </span>
    </th>
    <th
      aria-sort={null}
      className="MuiTableCell-root MuiTableCell-head WithStyles(ForwardRef(TableCell))-head-1 MuiTableCell-alignRight"
      scope="col"
    >
      <span
        aria-disabled={false}
        className="MuiButtonBase-root MuiTableSortLabel-root"
        onBlur={[Function]}
        onClick={[Function]}
        onDragLeave={[Function]}
        onFocus={[Function]}
        onKeyDown={[Function]}
        onKeyUp={[Function]}
        onMouseDown={[Function]}
        onMouseLeave={[Function]}
        onMouseUp={[Function]}
        onTouchEnd={[Function]}
        onTouchMove={[Function]}
        onTouchStart={[Function]}
        role="button"
        tabIndex={0}
      >
        Gravity
        <svg
          aria-hidden={true}
          className="MuiSvgIcon-root MuiTableSortLabel-icon MuiTableSortLabel-iconDirectionAsc"
          focusable="false"
          viewBox="0 0 24 24"
        >
          <path
            d="M20 12l-1.41-1.41L13 16.17V4h-2v12.17l-5.58-5.59L4 12l8 8 8-8z"
          />
        </svg>
      </span>
    </th>
    <th
      aria-sort={null}
      className="MuiTableCell-root MuiTableCell-head WithStyles(ForwardRef(TableCell))-head-1 MuiTableCell-alignRight"
      scope="col"
    >
      <span
        aria-disabled={false}
        className="MuiButtonBase-root MuiTableSortLabel-root"
        onBlur={[Function]}
        onClick={[Function]}
        onDragLeave={[Function]}
        onFocus={[Function]}
        onKeyDown={[Function]}
        onKeyUp={[Function]}
        onMouseDown={[Function]}
        onMouseLeave={[Function]}
        onMouseUp={[Function]}
        onTouchEnd={[Function]}
        onTouchMove={[Function]}
        onTouchStart={[Function]}
        role="button"
        tabIndex={0}
      >
        Terrain
        <svg
          aria-hidden={true}
          className="MuiSvgIcon-root MuiTableSortLabel-icon MuiTableSortLabel-iconDirectionAsc"
          focusable="false"
          viewBox="0 0 24 24"
        >
          <path
            d="M20 12l-1.41-1.41L13 16.17V4h-2v12.17l-5.58-5.59L4 12l8 8 8-8z"
          />
        </svg>
      </span>
    </th>
    <th
      aria-sort={null}
      className="MuiTableCell-root MuiTableCell-head WithStyles(ForwardRef(TableCell))-head-1 MuiTableCell-alignRight"
      scope="col"
    >
      <span
        aria-disabled={false}
        className="MuiButtonBase-root MuiTableSortLabel-root"
        onBlur={[Function]}
        onClick={[Function]}
        onDragLeave={[Function]}
        onFocus={[Function]}
        onKeyDown={[Function]}
        onKeyUp={[Function]}
        onMouseDown={[Function]}
        onMouseLeave={[Function]}
        onMouseUp={[Function]}
        onTouchEnd={[Function]}
        onTouchMove={[Function]}
        onTouchStart={[Function]}
        role="button"
        tabIndex={0}
      >
        Climate
        <svg
          aria-hidden={true}
          className="MuiSvgIcon-root MuiTableSortLabel-icon MuiTableSortLabel-iconDirectionAsc"
          focusable="false"
          viewBox="0 0 24 24"
        >
          <path
            d="M20 12l-1.41-1.41L13 16.17V4h-2v12.17l-5.58-5.59L4 12l8 8 8-8z"
          />
        </svg>
      </span>
    </th>
    <th
      aria-sort={null}
      className="MuiTableCell-root MuiTableCell-head WithStyles(ForwardRef(TableCell))-head-1 MuiTableCell-alignRight"
      scope="col"
    >
      <span
        aria-disabled={false}
        className="MuiButtonBase-root MuiTableSortLabel-root"
        onBlur={[Function]}
        onClick={[Function]}
        onDragLeave={[Function]}
        onFocus={[Function]}
        onKeyDown={[Function]}
        onKeyUp={[Function]}
        onMouseDown={[Function]}
        onMouseLeave={[Function]}
        onMouseUp={[Function]}
        onTouchEnd={[Function]}
        onTouchMove={[Function]}
        onTouchStart={[Function]}
        role="button"
        tabIndex={0}
      >
        Population
        <svg
          aria-hidden={true}
          className="MuiSvgIcon-root MuiTableSortLabel-icon MuiTableSortLabel-iconDirectionAsc"
          focusable="false"
          viewBox="0 0 24 24"
        >
          <path
            d="M20 12l-1.41-1.41L13 16.17V4h-2v12.17l-5.58-5.59L4 12l8 8 8-8z"
          />
        </svg>
      </span>
    </th>
  </tr>
</thead>
`;
